========================================================================
SCRIPT : figure_2_distance
DATE   : 2026-03-16 16:35:06
  --pni_deriv: /data/mica/mica3/BIDS_PNI/derivatives/micapipe_v0.2.0
  --hemi: LH
========================================================================
Surface space  : fsLR-32k, Schaefer-400, Yeo 7-network labels
SC metric      : iFOD2 40M streamlines, SIFT2-weighted, log-transformed
Distance metric: streamline edge lengths (converted to lengths via BCT)
Navigation     : greedy navigation (BCT navigation_wu), computed per hemisphere
Null model     : spin permutation (SpinPermutations, n_rep=100, random_state=42)
Script path: /local_raid/data/pbautin/software/salience-network-multiscale-switch/scripts/figure_2_distance.py
Project root: /local_raid/data/pbautin/software/salience-network-multiscale-switch
========================================================================
SCRIPT : figure_2_distance
DATE   : 2026-03-16 16:48:33
  --pni_deriv: /data/mica/mica3/BIDS_PNI/derivatives/micapipe_v0.2.0
  --hemi: LH
========================================================================
Surface space  : fsLR-32k, Schaefer-400, Yeo 7-network labels
SC metric      : iFOD2 40M streamlines, SIFT2-weighted, log-transformed
Distance metric: streamline edge lengths (converted to lengths via BCT)
Navigation     : greedy navigation (BCT navigation_wu), computed per hemisphere
Null model     : spin permutation (SpinPermutations, n_rep=100, random_state=42)
Script path: /local_raid/data/pbautin/software/salience-network-multiscale-switch/scripts/figure_2_distance.py
Project root: /local_raid/data/pbautin/software/salience-network-multiscale-switch
========================================================================
SCRIPT : figure_2_distance
DATE   : 2026-03-16 16:52:02
  --pni_deriv: /data/mica/mica3/BIDS_PNI/derivatives/micapipe_v0.2.0
  --hemi: LH
========================================================================
Surface space  : fsLR-32k, Schaefer-400, Yeo 7-network labels
SC metric      : iFOD2 40M streamlines, SIFT2-weighted, log-transformed
Distance metric: streamline edge lengths (converted to lengths via BCT)
Navigation     : greedy navigation (BCT navigation_wu), computed per hemisphere
Null model     : spin permutation (SpinPermutations, n_rep=100, random_state=42)
Script path: /local_raid/data/pbautin/software/salience-network-multiscale-switch/scripts/figure_2_distance.py
Project root: /local_raid/data/pbautin/software/salience-network-multiscale-switch
========================================================================
SCRIPT : figure_2_distance
DATE   : 2026-03-16 17:07:58
  --pni_deriv: /data/mica/mica3/BIDS_PNI/derivatives/micapipe_v0.2.0
  --hemi: LH
========================================================================
Surface space  : fsLR-32k, Schaefer-400, Yeo 7-network labels
SC metric      : iFOD2 40M streamlines, SIFT2-weighted, log-transformed
Distance metric: streamline edge lengths (converted to lengths via BCT)
Navigation     : greedy navigation (BCT navigation_wu), computed per hemisphere
Null model     : spin permutation (SpinPermutations, n_rep=100, random_state=42)
Script path: /local_raid/data/pbautin/software/salience-network-multiscale-switch/scripts/figure_2_distance.py
Project root: /local_raid/data/pbautin/software/salience-network-multiscale-switch
========================================================================
SCRIPT : figure_2_distance
DATE   : 2026-03-16 17:28:06
  --pni_deriv: /data/mica/mica3/BIDS_PNI/derivatives/micapipe_v0.2.0
  --hemi: LH
========================================================================
Surface space  : fsLR-32k, Schaefer-400, Yeo 7-network labels
SC metric      : iFOD2 40M streamlines, SIFT2-weighted, log-transformed
Distance metric: streamline edge lengths (converted to lengths via BCT)
Navigation     : greedy navigation (BCT navigation_wu), computed per hemisphere
Null model     : spin permutation (SpinPermutations, n_rep=100, random_state=42)
Script path: /local_raid/data/pbautin/software/salience-network-multiscale-switch/scripts/figure_2_distance.py
Project root: /local_raid/data/pbautin/software/salience-network-multiscale-switch
========================================================================
SCRIPT : figure_2_distance
DATE   : 2026-03-17 14:36:06
  --pni_deriv: /data/mica/mica3/BIDS_PNI/derivatives/micapipe_v0.2.0
  --hemi: LH
========================================================================
Surface space  : fsLR-32k, Schaefer-400, Yeo 7-network labels
SC metric      : iFOD2 40M streamlines, SIFT2-weighted, log-transformed
Distance metric: streamline edge lengths (converted to lengths via BCT)
Navigation     : greedy navigation (BCT navigation_wu), computed per hemisphere
Null model     : spin permutation (SpinPermutations, n_rep=100, random_state=42)
Script path: /local_raid/data/pbautin/software/salience-network-multiscale-switch/scripts/figure_2_distance.py
Project root: /local_raid/data/pbautin/software/salience-network-multiscale-switch
[Figure 2A] SC: SalVentAttn top-bottom diff vs FC-G1 | Spearman r=0.167, spin-test p=3.700e-01 (n_perm=100)
[Figure 2A] Nav: SalVentAttn top-bottom diff vs FC-G1 | Spearman r=0.031, spin-test p=9.300e-01 (n_perm=100)
[Figure 2A] Dist: SalVentAttn top-bottom diff vs FC-G1 | Spearman r=0.302, spin-test p=1.300e-01 (n_perm=100)
Processing network: Limbic
Loading profiles for 18 subjects...
Final array shape: (18, 14, 2027)
Computing T1 gradients for Limbic...
Gradient lambdas: [0.06944493 0.06021429 0.04909578 0.04378072 0.03043414 0.02801279
 0.02083416 0.01796642 0.01553699 0.01410466]
[Figure 2B] Limbic: SC top-bottom diff vs BigBrain-G2 | Spearman r=0.228, spin-test p=3.500e-01 (n_perm=100)
Processing network: Default
Loading profiles for 18 subjects...
Final array shape: (18, 14, 7722)
Computing T1 gradients for Default...
========================================================================
SCRIPT : figure_2_distance
DATE   : 2026-03-17 14:41:50
  --pni_deriv: /data/mica/mica3/BIDS_PNI/derivatives/micapipe_v0.2.0
  --hemi: LH
========================================================================
Surface space  : fsLR-32k, Schaefer-400, Yeo 7-network labels
SC metric      : iFOD2 40M streamlines, SIFT2-weighted, log-transformed
Distance metric: streamline edge lengths (converted to lengths via BCT)
Navigation     : greedy navigation (BCT navigation_wu), computed per hemisphere
Null model     : spin permutation (SpinPermutations, n_rep=100, random_state=42)
Script path: /local_raid/data/pbautin/software/salience-network-multiscale-switch/scripts/figure_2_distance.py
Project root: /local_raid/data/pbautin/software/salience-network-multiscale-switch
[Figure 2A] SC: SalVentAttn top-bottom diff vs FC-G1 | Spearman r=0.026, spin-test p=9.500e-01 (n_perm=100)
[Figure 2A] Nav: SalVentAttn top-bottom diff vs FC-G1 | Spearman r=0.031, spin-test p=9.300e-01 (n_perm=100)
[Figure 2A] Dist: SalVentAttn top-bottom diff vs FC-G1 | Spearman r=0.268, spin-test p=2.900e-01 (n_perm=100)
Processing network: Limbic
Loading profiles for 18 subjects...
Final array shape: (18, 14, 2027)
Computing T1 gradients for Limbic...
Gradient lambdas: [0.06944243 0.06025795 0.04911542 0.04378171 0.03042177 0.02802045
 0.02084137 0.01796134 0.01553889 0.01410626]
[Figure 2B] Limbic: SC top-bottom diff vs BigBrain-G2 | Spearman r=0.228, spin-test p=3.500e-01 (n_perm=100)
Processing network: Default
Loading profiles for 18 subjects...
Final array shape: (18, 14, 7722)
Computing T1 gradients for Default...
========================================================================
SCRIPT : figure_2_distance
DATE   : 2026-03-17 14:44:16
  --pni_deriv: /data/mica/mica3/BIDS_PNI/derivatives/micapipe_v0.2.0
  --hemi: LH
========================================================================
Surface space  : fsLR-32k, Schaefer-400, Yeo 7-network labels
SC metric      : iFOD2 40M streamlines, SIFT2-weighted, log-transformed
Distance metric: streamline edge lengths (converted to lengths via BCT)
Navigation     : greedy navigation (BCT navigation_wu), computed per hemisphere
Null model     : spin permutation (SpinPermutations, n_rep=100, random_state=42)
Script path: /local_raid/data/pbautin/software/salience-network-multiscale-switch/scripts/figure_2_distance.py
Project root: /local_raid/data/pbautin/software/salience-network-multiscale-switch
[Figure 2A] SC: SalVentAttn top-bottom diff vs FC-G1 | Spearman r=0.026, spin-test p=9.500e-01 (n_perm=100)
[Figure 2A] Nav: SalVentAttn top-bottom diff vs FC-G1 | Spearman r=0.031, spin-test p=9.300e-01 (n_perm=100)
[Figure 2A] Dist: SalVentAttn top-bottom diff vs FC-G1 | Spearman r=0.268, spin-test p=2.900e-01 (n_perm=100)
Processing network: Limbic
Loading profiles for 18 subjects...
Final array shape: (18, 14, 2027)
Computing T1 gradients for Limbic...
Gradient lambdas: [0.06946592 0.06024491 0.04909305 0.04377768 0.03044842 0.02801172
 0.0208326  0.01796452 0.015539   0.01410264]
[Figure 2B] Limbic: SC top-bottom diff vs BigBrain-G2 | Spearman r=0.228, spin-test p=3.500e-01 (n_perm=100)
Processing network: Default
Loading profiles for 18 subjects...
Final array shape: (18, 14, 7722)
Computing T1 gradients for Default...
Gradient lambdas: [0.07892902 0.06115721 0.04906359 0.04537847 0.03189532 0.02988618
 0.02402941 0.02048138 0.01705898 0.01583716]
[Figure 2B] Default: SC top-bottom diff vs BigBrain-G2 | Spearman r=-0.107, spin-test p=7.700e-01 (n_perm=100)
Processing network: Cont
Loading profiles for 18 subjects...
Final array shape: (18, 14, 2959)
Computing T1 gradients for Cont...
Gradient lambdas: [0.07866633 0.06243633 0.0494776  0.04378901 0.03305914 0.03024729
 0.02199277 0.01974428 0.0177943  0.01570792]
[Figure 2B] Cont: SC top-bottom diff vs BigBrain-G2 | Spearman r=0.187, spin-test p=4.700e-01 (n_perm=100)
Processing network: SalVentAttn
t1_gradient1_SalVentAttn already exists in df_yeo_surf.
[Figure 2B] SalVentAttn: SC top-bottom diff vs BigBrain-G2 | Spearman r=0.051, spin-test p=8.900e-01 (n_perm=100)
Processing network: DorsAttn
Loading profiles for 18 subjects...
Final array shape: (18, 14, 3267)
Computing T1 gradients for DorsAttn...
Gradient lambdas: [0.07937856 0.06204733 0.05062103 0.04306676 0.03327864 0.03114953
 0.02251344 0.02006795 0.01827415 0.01602176]
[Figure 2B] DorsAttn: SC top-bottom diff vs BigBrain-G2 | Spearman r=0.072, spin-test p=8.600e-01 (n_perm=100)
Processing network: Vis
Loading profiles for 18 subjects...
Final array shape: (18, 14, 4522)
Computing T1 gradients for Vis...
Gradient lambdas: [0.07913967 0.05996419 0.05192863 0.04730823 0.03368021 0.03156681
 0.02239324 0.02032842 0.01855449 0.01695517]
[Figure 2B] Vis: SC top-bottom diff vs BigBrain-G2 | Spearman r=-0.185, spin-test p=4.500e-01 (n_perm=100)
Processing network: SomMot
Loading profiles for 18 subjects...
Final array shape: (18, 14, 5592)
Computing T1 gradients for SomMot...
Gradient lambdas: [0.07947641 0.0608174  0.05140651 0.04677892 0.03302107 0.03023535
 0.02272457 0.02027582 0.01808584 0.01675951]
[Figure 2B] SomMot: SC top-bottom diff vs BigBrain-G2 | Spearman r=0.038, spin-test p=9.000e-01 (n_perm=100)
========================================================================
SCRIPT : figure_2_distance
DATE   : 2026-03-18 17:55:24
  --pni_deriv: /data/mica/mica3/BIDS_PNI/derivatives/micapipe_v0.2.0
  --hemi: LH
========================================================================
Surface space  : fsLR-32k, Schaefer-400, Yeo 7-network labels
SC metric      : iFOD2 40M streamlines, SIFT2-weighted, log-transformed
Distance metric: streamline edge lengths (converted to lengths via BCT)
Navigation     : greedy navigation (BCT navigation_wu), computed per hemisphere
Null model     : spin permutation (SpinPermutations, n_rep=100, random_state=42)
Script path: /local_raid/data/pbautin/software/salience-network-multiscale-switch/scripts/figure_2_distance.py
Project root: /local_raid/data/pbautin/software/salience-network-multiscale-switch
[Figure 2A] SC: SalVentAttn top-bottom diff vs FC-G1 | Spearman r=0.026, spin-test p=9.500e-01 (n_perm=100)
[Figure 2A] Nav: SalVentAttn top-bottom diff vs FC-G1 | Spearman r=0.031, spin-test p=9.300e-01 (n_perm=100)
[Figure 2A] Dist: SalVentAttn top-bottom diff vs FC-G1 | Spearman r=0.268, spin-test p=2.900e-01 (n_perm=100)
Processing network: Limbic
Loading profiles for 18 subjects...
Final array shape: (18, 14, 2027)
Computing T1 gradients for Limbic...
Gradient lambdas: [0.06940089 0.06025049 0.04910906 0.04375776 0.03042996 0.02801033
 0.02083191 0.01796458 0.01554176 0.01410876]
[Figure 2B] Limbic: SC top-bottom diff vs BigBrain-G2 | Spearman r=0.228, spin-test p=3.500e-01 (n_perm=100)
Processing network: Default
Loading profiles for 18 subjects...
Final array shape: (18, 14, 7722)
Computing T1 gradients for Default...
Gradient lambdas: [0.07893331 0.06119052 0.04909906 0.04536491 0.03192966 0.02989519
 0.02403667 0.02048562 0.01705868 0.01583948]
[Figure 2B] Default: SC top-bottom diff vs BigBrain-G2 | Spearman r=-0.107, spin-test p=7.700e-01 (n_perm=100)
Processing network: Cont
Loading profiles for 18 subjects...
Final array shape: (18, 14, 2959)
Computing T1 gradients for Cont...
Gradient lambdas: [0.0786322  0.0624188  0.04953749 0.04380856 0.03305146 0.03024469
 0.02197775 0.01974222 0.01779476 0.01570662]
[Figure 2B] Cont: SC top-bottom diff vs BigBrain-G2 | Spearman r=0.187, spin-test p=4.700e-01 (n_perm=100)
Processing network: SalVentAttn
t1_gradient1_SalVentAttn already exists in df_yeo_surf.
[Figure 2B] SalVentAttn: SC top-bottom diff vs BigBrain-G2 | Spearman r=0.051, spin-test p=8.900e-01 (n_perm=100)
Processing network: DorsAttn
Loading profiles for 18 subjects...
Final array shape: (18, 14, 3267)
Computing T1 gradients for DorsAttn...
Gradient lambdas: [0.07946316 0.06200257 0.05061882 0.04305708 0.03330297 0.03117203
 0.02252541 0.02006162 0.01827123 0.01602425]
[Figure 2B] DorsAttn: SC top-bottom diff vs BigBrain-G2 | Spearman r=0.072, spin-test p=8.600e-01 (n_perm=100)
Processing network: Vis
Loading profiles for 18 subjects...
Final array shape: (18, 14, 4522)
Computing T1 gradients for Vis...
Gradient lambdas: [0.07912987 0.05992787 0.05185099 0.04732701 0.03369502 0.03156578
 0.02238223 0.02030142 0.01854367 0.01694434]
[Figure 2B] Vis: SC top-bottom diff vs BigBrain-G2 | Spearman r=-0.185, spin-test p=4.500e-01 (n_perm=100)
Processing network: SomMot
Loading profiles for 18 subjects...
Final array shape: (18, 14, 5592)
Computing T1 gradients for SomMot...
Gradient lambdas: [0.07952369 0.06082162 0.05149572 0.04680406 0.0330381  0.0302616
 0.02274672 0.02028481 0.01809008 0.01674782]
[Figure 2B] SomMot: SC top-bottom diff vs BigBrain-G2 | Spearman r=0.038, spin-test p=9.000e-01 (n_perm=100)
========================================================================
SCRIPT : figure_2_distance
DATE   : 2026-03-19 00:05:02
  --pni_deriv: /data/mica/mica3/BIDS_PNI/derivatives/micapipe_v0.2.0
  --hemi: LH
========================================================================
Surface space  : fsLR-32k, Schaefer-400, Yeo 7-network labels
SC metric      : iFOD2 40M streamlines, SIFT2-weighted, log-transformed
Distance metric: streamline edge lengths (converted to lengths via BCT)
Navigation     : greedy navigation (BCT navigation_wu), computed per hemisphere
Null model     : spin permutation (SpinPermutations, n_rep=100, random_state=42)
Script path: /local_raid/data/pbautin/software/salience-network-multiscale-switch/scripts/figure_2_distance.py
Project root: /local_raid/data/pbautin/software/salience-network-multiscale-switch
[Figure 2A] SC: SalVentAttn top-bottom diff vs FC-G1 | Spearman r=0.026, spin-test p=9.500e-01 (n_perm=100)
[Figure 2A] Nav: SalVentAttn top-bottom diff vs FC-G1 | Spearman r=0.031, spin-test p=9.300e-01 (n_perm=100)
[Figure 2A] Dist: SalVentAttn top-bottom diff vs FC-G1 | Spearman r=0.268, spin-test p=2.900e-01 (n_perm=100)
Processing network: Limbic
Loading profiles for 18 subjects...
Final array shape: (18, 14, 2027)
Computing T1 gradients for Limbic...
Gradient lambdas: [0.06945923 0.06023217 0.0490976  0.04378338 0.03043708 0.02800649
 0.02083946 0.01796117 0.01553666 0.01410228]
[Figure 2B] Limbic: SC top-bottom diff vs FC-G1 | Spearman r=0.215, spin-test p=3.700e-01 (n_perm=100)
Processing network: Default
Loading profiles for 18 subjects...
Final array shape: (18, 14, 7722)
Computing T1 gradients for Default...
Gradient lambdas: [0.07894245 0.06119456 0.0491856  0.04537778 0.03192149 0.02990707
 0.02402976 0.02048642 0.017064   0.01584172]
[Figure 2B] Default: SC top-bottom diff vs FC-G1 | Spearman r=0.107, spin-test p=7.700e-01 (n_perm=100)
Processing network: Cont
Loading profiles for 18 subjects...
Final array shape: (18, 14, 2959)
Computing T1 gradients for Cont...
Gradient lambdas: [0.0786429  0.06246492 0.0495358  0.04379536 0.03301713 0.03023753
 0.02200712 0.0197479  0.01779266 0.01570662]
[Figure 2B] Cont: SC top-bottom diff vs FC-G1 | Spearman r=0.258, spin-test p=2.800e-01 (n_perm=100)
Processing network: SalVentAttn
t1_gradient1_SalVentAttn already exists in df_yeo_surf.
[Figure 2B] SalVentAttn: SC top-bottom diff vs FC-G1 | Spearman r=0.026, spin-test p=9.500e-01 (n_perm=100)
Processing network: DorsAttn
Loading profiles for 18 subjects...
Final array shape: (18, 14, 3267)
Computing T1 gradients for DorsAttn...
Gradient lambdas: [0.07948538 0.06205961 0.05067675 0.04305579 0.0333257  0.03117502
 0.02252304 0.02006862 0.01827519 0.01602694]
[Figure 2B] DorsAttn: SC top-bottom diff vs FC-G1 | Spearman r=0.203, spin-test p=4.400e-01 (n_perm=100)
Processing network: Vis
Loading profiles for 18 subjects...
Final array shape: (18, 14, 4522)
Computing T1 gradients for Vis...
Gradient lambdas: [0.07919603 0.05998677 0.05192986 0.04728214 0.03367113 0.03154852
 0.02238935 0.02031467 0.01854542 0.01694331]
[Figure 2B] Vis: SC top-bottom diff vs FC-G1 | Spearman r=-0.084, spin-test p=7.000e-01 (n_perm=100)
Processing network: SomMot
Loading profiles for 18 subjects...
Final array shape: (18, 14, 5592)
Computing T1 gradients for SomMot...
Gradient lambdas: [0.0794625  0.0608012  0.05146785 0.04678281 0.03299275 0.03024926
 0.02271319 0.02028147 0.01808281 0.01674512]
[Figure 2B] SomMot: SC top-bottom diff vs FC-G1 | Spearman r=-0.042, spin-test p=8.800e-01 (n_perm=100)
========================================================================
SCRIPT : figure_2_distance
DATE   : 2026-03-20 13:51:13
  --pni_deriv: /data/mica/mica3/BIDS_PNI/derivatives/micapipe_v0.2.0
  --hemi: LH
========================================================================
Surface space  : fsLR-32k, Schaefer-400, Yeo 7-network labels
SC metric      : iFOD2 40M streamlines, SIFT2-weighted, log-transformed
Distance metric: streamline edge lengths (converted to lengths via BCT)
Navigation     : greedy navigation (BCT navigation_wu), computed per hemisphere
Null model     : spin permutation (SpinPermutations, n_rep=100, random_state=42)
Script path: /local_raid/data/pbautin/software/salience-network-multiscale-switch/scripts/figure_2_distance.py
Project root: /local_raid/data/pbautin/software/salience-network-multiscale-switch
Loading gradient dataframe from /local_raid/data/pbautin/software/salience-network-multiscale-switch/data/dataframes/df_1a_LH.tsv
[Figure 2A] SC: SalVentAttn top-bottom diff vs FC-G1 | Spearman r=0.026, spin-test p=9.500e-01 (n_perm=100)
[Figure 2A] Nav: SalVentAttn top-bottom diff vs FC-G1 | Spearman r=0.031, spin-test p=9.300e-01 (n_perm=100)
[Figure 2A] Dist: SalVentAttn top-bottom diff vs FC-G1 | Spearman r=0.268, spin-test p=2.900e-01 (n_perm=100)
Processing network: Limbic
Loading profiles for 18 subjects...
Final array shape: (18, 14, 2027)
Computing T1 gradients for Limbic...
Gradient lambdas: [0.06938901 0.06022436 0.04907931 0.04375321 0.03043224 0.02801391
 0.02083012 0.01795874 0.01553091 0.01410021]
[Figure 2B] Limbic: SC top-bottom diff vs FC-G1 | Spearman r=0.215, spin-test p=3.700e-01 (n_perm=100)
Processing network: Default
Loading profiles for 18 subjects...
Final array shape: (18, 14, 7722)
Computing T1 gradients for Default...
Gradient lambdas: [0.07899207 0.06117363 0.04908353 0.04539838 0.03191605 0.02989214
 0.02403208 0.02048685 0.01706184 0.01584101]
[Figure 2B] Default: SC top-bottom diff vs FC-G1 | Spearman r=0.107, spin-test p=7.700e-01 (n_perm=100)
Processing network: Cont
Loading profiles for 18 subjects...
Final array shape: (18, 14, 2959)
Computing T1 gradients for Cont...
Gradient lambdas: [0.07860695 0.06239501 0.04944572 0.04375031 0.03302916 0.030232
 0.02197389 0.01973559 0.01777755 0.01569426]
[Figure 2B] Cont: SC top-bottom diff vs FC-G1 | Spearman r=0.258, spin-test p=2.800e-01 (n_perm=100)
Processing network: SalVentAttn
t1_gradient1_SalVentAttn already exists in df_yeo_surf.
[Figure 2B] SalVentAttn: SC top-bottom diff vs FC-G1 | Spearman r=0.026, spin-test p=9.500e-01 (n_perm=100)
Processing network: DorsAttn
Loading profiles for 18 subjects...
Final array shape: (18, 14, 3267)
Computing T1 gradients for DorsAttn...
Gradient lambdas: [0.0794261  0.06206011 0.05059236 0.04304757 0.03328741 0.03116423
 0.02251856 0.0200633  0.01827022 0.01602487]
[Figure 2B] DorsAttn: SC top-bottom diff vs FC-G1 | Spearman r=0.203, spin-test p=4.400e-01 (n_perm=100)
Processing network: Vis
Loading profiles for 18 subjects...
Final array shape: (18, 14, 4522)
Computing T1 gradients for Vis...
Gradient lambdas: [0.07917504 0.05993735 0.05192088 0.04730368 0.0336715  0.03155192
 0.02238894 0.02031001 0.01855199 0.01694763]
[Figure 2B] Vis: SC top-bottom diff vs FC-G1 | Spearman r=-0.084, spin-test p=7.000e-01 (n_perm=100)
Processing network: SomMot
Loading profiles for 18 subjects...
Final array shape: (18, 14, 5592)
Computing T1 gradients for SomMot...
Gradient lambdas: [0.07945547 0.06078225 0.05144087 0.04668756 0.03300765 0.03025525
 0.02270905 0.0202552  0.01808213 0.01674633]
[Figure 2B] SomMot: SC top-bottom diff vs FC-G1 | Spearman r=-0.042, spin-test p=8.800e-01 (n_perm=100)
========================================================================
SCRIPT : figure_2_distance
DATE   : 2026-05-01 10:45:49
  --hemi: LH
========================================================================
Surface space  : fsLR-32k, Schaefer-400, Yeo 7-network labels
SC metric      : iFOD2 40M streamlines, SIFT2-weighted, log-transformed
Distance metric: streamline edge lengths (converted to lengths via BCT)
Navigation     : greedy navigation (BCT navigation_wu), computed per hemisphere
Null model     : spin permutation (SpinPermutations, n_rep=100, random_state=42)
Script path: /local_raid/data/pbautin/software/salience-network-multiscale-switch/scripts/figure_2_distance.py
Project root: /local_raid/data/pbautin/software/salience-network-multiscale-switch
Loading gradient dataframe from /local_raid/data/pbautin/software/salience-network-multiscale-switch/data/dataframes/df_1a_LH.tsv
[Figure 2A] SC: SalVentAttn top-bottom diff vs FC-G1 | Spearman r=0.026, spin-test p=9.500e-01 (n_perm=100)
[Figure 2A] Nav: SalVentAttn top-bottom diff vs FC-G1 | Spearman r=0.031, spin-test p=9.300e-01 (n_perm=100)
[Figure 2A] Dist: SalVentAttn top-bottom diff vs FC-G1 | Spearman r=0.268, spin-test p=2.900e-01 (n_perm=100)
Processing network: Limbic
Loading profiles for 18 subjects...
Final array shape: (18, 14, 2027)
Computing T1 gradients...
Gradient lambdas: [0.06947524 0.06028844 0.0491421  0.0437893  0.03045668 0.02801969
 0.02085046 0.0179719  0.01553912 0.01410682]
[Figure 2B] Limbic: SC top-bottom diff vs FC-G1 | Spearman r=0.215, spin-test p=3.700e-01 (n_perm=100)
Processing network: Default
Loading profiles for 18 subjects...
Final array shape: (18, 14, 7722)
Computing T1 gradients...
========================================================================
SCRIPT : figure_2_distance
DATE   : 2026-05-01 10:50:02
  --hemi: LH
========================================================================
Surface space  : fsLR-32k, Schaefer-400, Yeo 7-network labels
SC metric      : iFOD2 40M streamlines, SIFT2-weighted, log-transformed
Distance metric: streamline edge lengths (converted to lengths via BCT)
Navigation     : greedy navigation (BCT navigation_wu), computed per hemisphere
Null model     : spin permutation (SpinPermutations, n_rep=100, random_state=42)
Script path: /local_raid/data/pbautin/software/salience-network-multiscale-switch/scripts/figure_2_distance.py
Project root: /local_raid/data/pbautin/software/salience-network-multiscale-switch
Loading gradient dataframe from /local_raid/data/pbautin/software/salience-network-multiscale-switch/data/dataframes/df_1a_LH.tsv
[Figure 2A] SC: SalVentAttn top-bottom diff vs FC-G1 | Spearman r=0.026, spin-test p=9.500e-01 (n_perm=100)
[Figure 2A] Nav: SalVentAttn top-bottom diff vs FC-G1 | Spearman r=0.031, spin-test p=9.300e-01 (n_perm=100)
[Figure 2A] Dist: SalVentAttn top-bottom diff vs FC-G1 | Spearman r=0.268, spin-test p=2.900e-01 (n_perm=100)
Processing network: Limbic
Loading profiles for 18 subjects...
Final array shape: (18, 14, 2027)
Computing T1 gradients...
Gradient lambdas: [0.06947845 0.06024215 0.049127   0.04378853 0.03045514 0.02803521
 0.02084201 0.01796886 0.01554056 0.01411103]
[Figure 2B] Limbic: SC top-bottom diff vs FC-G1 | Spearman r=0.215, spin-test p=3.700e-01 (n_perm=100)
Processing network: Default
Loading profiles for 18 subjects...
Final array shape: (18, 14, 7722)
Computing T1 gradients...
Gradient lambdas: [0.07889208 0.06115048 0.04902792 0.04537721 0.03188487 0.02988579
 0.02402973 0.0204758  0.0170556  0.01583386]
[Figure 2B] Default: SC top-bottom diff vs FC-G1 | Spearman r=0.107, spin-test p=7.700e-01 (n_perm=100)
Processing network: Cont
Loading profiles for 18 subjects...
Final array shape: (18, 14, 2959)
Computing T1 gradients...
Gradient lambdas: [0.07865792 0.06244522 0.04944408 0.04382326 0.03303321 0.0302397
 0.02198534 0.01974114 0.01778546 0.01570511]
[Figure 2B] Cont: SC top-bottom diff vs FC-G1 | Spearman r=0.258, spin-test p=2.800e-01 (n_perm=100)
Processing network: SalVentAttn
t1_gradient1_SalVentAttn already exists in df_yeo_surf.
[Figure 2B] SalVentAttn: SC top-bottom diff vs FC-G1 | Spearman r=0.026, spin-test p=9.500e-01 (n_perm=100)
Processing network: DorsAttn
Loading profiles for 18 subjects...
Final array shape: (18, 14, 3267)
Computing T1 gradients...
Gradient lambdas: [0.07934611 0.0619683  0.05051375 0.04294896 0.03322952 0.03111274
 0.02250551 0.02004289 0.01825897 0.01601205]
[Figure 2B] DorsAttn: SC top-bottom diff vs FC-G1 | Spearman r=0.203, spin-test p=4.400e-01 (n_perm=100)
Processing network: Vis
Loading profiles for 18 subjects...
Final array shape: (18, 14, 4522)
Computing T1 gradients...
Gradient lambdas: [0.07911513 0.05991925 0.05189063 0.04722503 0.03366408 0.03151471
 0.02235872 0.02030665 0.01853306 0.01693933]
[Figure 2B] Vis: SC top-bottom diff vs FC-G1 | Spearman r=-0.084, spin-test p=7.000e-01 (n_perm=100)
Processing network: SomMot
Loading profiles for 18 subjects...
Final array shape: (18, 14, 5592)
Computing T1 gradients...
Gradient lambdas: [0.07952809 0.06077376 0.05145051 0.04675667 0.0330298  0.03026245
 0.02272437 0.02027279 0.01810053 0.01674946]
[Figure 2B] SomMot: SC top-bottom diff vs FC-G1 | Spearman r=-0.042, spin-test p=8.800e-01 (n_perm=100)
